Godot Engine v4.2.1.stable.mono.official.b09f793f5 - https://godotengine.org
Vulkan API 1.2.194 - Forward+ - Using Vulkan Device #0: NVIDIA - NVIDIA GeForce MX230
 
USER ERROR: Viewport Texture must be set to use it.
   at: get_height (scene/main/viewport.cpp:137)
USER ERROR: Viewport Texture must be set to use it.
   at: get_width (scene/main/viewport.cpp:127)
Its alive!
debug lines? True
master_audio value changed
   At: res://Scenes/menu.tscn::GDScript_mxnsp:66:slider_value_changed()
Master bus value changed
master_audio value changed
   At: res://Scenes/menu.tscn::GDScript_mxnsp:66:slider_value_changed()
Master bus value changed
effect_audio value changed
   At: res://Scenes/menu.tscn::GDScript_mxnsp:66:slider_value_changed()
Effect bus value changed
effect_audio value changed
   At: res://Scenes/menu.tscn::GDScript_mxnsp:66:slider_value_changed()
Effect bus value changed
ui_audio value changed
   At: res://Scenes/menu.tscn::GDScript_mxnsp:66:slider_value_changed()
Ui bus value changed
ui_audio value changed
   At: res://Scenes/menu.tscn::GDScript_mxnsp:66:slider_value_changed()
Ui bus value changed
base_sens value changed
   At: res://Scenes/menu.tscn::GDScript_mxnsp:66:slider_value_changed()
base_sens value changed
   At: res://Scenes/menu.tscn::GDScript_mxnsp:66:slider_value_changed()
aim_sens value changed
   At: res://Scenes/menu.tscn::GDScript_mxnsp:66:slider_value_changed()
aim_sens value changed
   At: res://Scenes/menu.tscn::GDScript_mxnsp:66:slider_value_changed()
max_fov value changed
   At: res://Scenes/menu.tscn::GDScript_mxnsp:66:slider_value_changed()
max_fov value changed
   At: res://Scenes/menu.tscn::GDScript_mxnsp:66:slider_value_changed()
min_fov value changed
   At: res://Scenes/menu.tscn::GDScript_mxnsp:66:slider_value_changed()
min_fov value changed
   At: res://Scenes/menu.tscn::GDScript_mxnsp:66:slider_value_changed()
I am1
   At: res://Resources/Scripts/Camera/follow_object.gd:13:_ready()
I am2
   At: res://Resources/Scripts/Camera/follow_object.gd:13:_ready()
Animation over: puska_Equip
(-13.7385, 1.99582, -6.480167) (-76.01764, 42.77186, 60.29268)
I am3
   At: res://Resources/Scripts/Camera/follow_object.gd:13:_ready()
(-13,739553, 1,9919597, -6,4791126) (800, 0, 0)
Bullet Initialized!
I am current 2
   At: res://Resources/Scripts/Camera/follow_object.gd:34:_on_use_camera()
cameraid= 2
   At: res://Resources/Scripts/Camera/follow_object_manager.gd:48:set_current_camera()
Animation over: puska_Equip_Fire
I am current 3
   At: res://Resources/Scripts/Camera/follow_object.gd:34:_on_use_camera()
cameraid= 3
   At: res://Resources/Scripts/Camera/follow_object_manager.gd:48:set_current_camera()
Animation over: Action
I am current 2
   At: res://Resources/Scripts/Camera/follow_object.gd:34:_on_use_camera()
cameraid= 2
   At: res://Resources/Scripts/Camera/follow_object_manager.gd:48:set_current_camera()
I am current 1
   At: res://Resources/Scripts/Camera/follow_object.gd:34:_on_use_camera()
cameraid= 1
   At: res://Resources/Scripts/Camera/follow_object_manager.gd:48:set_current_camera()
Aimed playing: puska_Aim
Animation over: puska_Aim
Animation over: puska_Aim
Aimed playing: puska_Aim
Animation over: puska_Aim
(-13.29636, 1.75213, -6.580331) (-66.30054, 3.642015, 78.19565)
I am4
   At: res://Resources/Scripts/Camera/follow_object.gd:13:_ready()
(-13,298205, 1,7479185, -6,5777307) (800, 0, 0)
Bullet Initialized!
I am current 2
   At: res://Resources/Scripts/Camera/follow_object.gd:34:_on_use_camera()
cameraid= 2
   At: res://Resources/Scripts/Camera/follow_object_manager.gd:48:set_current_camera()
I am current 3
   At: res://Resources/Scripts/Camera/follow_object.gd:34:_on_use_camera()
cameraid= 3
   At: res://Resources/Scripts/Camera/follow_object_manager.gd:48:set_current_camera()
Animation over: puska_Aim
I am current 4
   At: res://Resources/Scripts/Camera/follow_object.gd:34:_on_use_camera()
cameraid= 4
   At: res://Resources/Scripts/Camera/follow_object_manager.gd:48:set_current_camera()
Animation over: Action
550,3177
I am5
   At: res://Resources/Scripts/Camera/follow_object.gd:13:_ready()
(-13,298205, 1,7479185, -6,5777307) (800, 0, 0)
Bullet Initialized!
I am current 3
   At: res://Resources/Scripts/Camera/follow_object.gd:34:_on_use_camera()
cameraid= 3
   At: res://Resources/Scripts/Camera/follow_object_manager.gd:48:set_current_camera()
I am current 2
   At: res://Resources/Scripts/Camera/follow_object.gd:34:_on_use_camera()
cameraid= 2
   At: res://Resources/Scripts/Camera/follow_object_manager.gd:48:set_current_camera()
I am current 1
   At: res://Resources/Scripts/Camera/follow_object.gd:34:_on_use_camera()
cameraid= 1
   At: res://Resources/Scripts/Camera/follow_object_manager.gd:48:set_current_camera()
550,3177
Bullet Removed
I am current 2
   At: res://Resources/Scripts/Camera/follow_object.gd:34:_on_use_camera()
cameraid= 2
   At: res://Resources/Scripts/Camera/follow_object_manager.gd:48:set_current_camera()
I am current 3
   At: res://Resources/Scripts/Camera/follow_object.gd:34:_on_use_camera()
cameraid= 3
   At: res://Resources/Scripts/Camera/follow_object_manager.gd:48:set_current_camera()
I am current 3
   At: res://Resources/Scripts/Camera/follow_object.gd:34:_on_use_camera()
cameraid= 3
   At: res://Resources/Scripts/Camera/follow_object_manager.gd:48:set_current_camera()
invalid camera id
   At: res://Resources/Scripts/Camera/follow_object_manager.gd:25:_unhandled_key_input()
I am current 3
   At: res://Resources/Scripts/Camera/follow_object.gd:34:_on_use_camera()
cameraid= 3
   At: res://Resources/Scripts/Camera/follow_object_manager.gd:48:set_current_camera()
I am current 2
   At: res://Resources/Scripts/Camera/follow_object.gd:34:_on_use_camera()
cameraid= 2
   At: res://Resources/Scripts/Camera/follow_object_manager.gd:48:set_current_camera()
I am current 1
   At: res://Resources/Scripts/Camera/follow_object.gd:34:_on_use_camera()
cameraid= 1
   At: res://Resources/Scripts/Camera/follow_object_manager.gd:48:set_current_camera()
invalid camera id
   At: res://Resources/Scripts/Camera/follow_object_manager.gd:33:_unhandled_key_input()
invalid camera id
   At: res://Resources/Scripts/Camera/follow_object_manager.gd:33:_unhandled_key_input()
(-8.43674, 1.768054, -1.912083) (22.374, 14.43889, 92.37532)
I am6
   At: res://Resources/Scripts/Camera/follow_object.gd:13:_ready()
(-8,437281, 1,7656525, -1,9119138) (800, 0, 0)
Bullet Initialized!
I am current 2
   At: res://Resources/Scripts/Camera/follow_object.gd:34:_on_use_camera()
cameraid= 2
   At: res://Resources/Scripts/Camera/follow_object_manager.gd:48:set_current_camera()
Animation over: puska_Equip_Fire
I am current 3
   At: res://Resources/Scripts/Camera/follow_object.gd:34:_on_use_camera()
cameraid= 3
   At: res://Resources/Scripts/Camera/follow_object_manager.gd:48:set_current_camera()
Animation over: Action
I am current 6
   At: res://Resources/Scripts/Camera/follow_object.gd:34:_on_use_camera()
cameraid= 6
   At: res://Resources/Scripts/Camera/follow_object_manager.gd:48:set_current_camera()
88,7604
Bullet Removed
F4
   At: res://Resources/Scripts/Camera/follow_object_manager.gd:15:_unhandled_key_input()
USER WARNING: 26 RIDs in Godot Jolt were found to not have been freed. This is likely caused by orphaned nodes. If not, consider reporting this issue.
   at: ~RID_PtrOwner (src\containers\rid_owner.hpp:20)
